... Summarizing site ...
AL1935-03 Miami FL
PEAK: 1935-09-03T05:27
Wind dir: 98 deg
Wind spd: 61 m/s
Gust spd: 92 m/s
EF0: 64.3 hours
EF1: 49.2 hours
EF2: 35.2 hours
EF3: 25.3 hours
EF4: 16.9 hours
EF5: 7 hours
