... Summarizing land-water ...
Rows: 150  Columns: 180
Latitude: 23 to 50 degrees
Longitude: -100 to -59 degrees
Cell height: 20 kilometers
Cell width: 20 kilometers
Time Step: 15 minutes
